// Jest Snapshot v1, https://goo.gl/fbAQLP

exports[`ImageMapLayer creates the same layer every time 1`] = `
<div>
  <div
    class="leaflet-container leaflet-touch leaflet-grab leaflet-touch-drag leaflet-touch-zoom"
    style="position: relative;"
    tabindex="0"
  >
    <div
      class="leaflet-pane leaflet-map-pane"
      style="left: 0px; top: 0px;"
    >
      <div
        class="leaflet-pane leaflet-tile-pane"
      />
      <div
        class="leaflet-pane leaflet-overlay-pane"
      >
        <img
          alt=""
          class="leaflet-image-layer"
          crossorigin=""
          src="https://landsat.arcgis.com/arcgis/rest/services/Landsat/PS/ImageServer/exportImage?bbox=0%2C0%2C0%2C0&size=0%2C0&format=jpgpng&transparent=true&bboxSR=3857&imageSR=3857&f=image"
          style="z-index: 1; opacity: 0; left: 0px; top: 0px; width: 0px; height: 0px;"
        />
      </div>
      <div
        class="leaflet-pane leaflet-shadow-pane"
      />
      <div
        class="leaflet-pane leaflet-marker-pane"
      />
      <div
        class="leaflet-pane leaflet-tooltip-pane"
      />
      <div
        class="leaflet-pane leaflet-popup-pane"
      />
    </div>
    <div
      class="leaflet-control-container"
    >
      <div
        class="leaflet-top leaflet-left"
      >
        <div
          class="leaflet-control-zoom leaflet-bar leaflet-control"
        >
          <a
            aria-disabled="false"
            aria-label="Zoom in"
            class="leaflet-control-zoom-in"
            href="#"
            role="button"
            title="Zoom in"
          >
            <span
              aria-hidden="true"
            >
              +
            </span>
          </a>
          <a
            aria-disabled="false"
            aria-label="Zoom out"
            class="leaflet-control-zoom-out"
            href="#"
            role="button"
            title="Zoom out"
          >
            <span
              aria-hidden="true"
            >
              âˆ’
            </span>
          </a>
        </div>
      </div>
      <div
        class="leaflet-top leaflet-right"
      />
      <div
        class="leaflet-bottom leaflet-left"
      />
      <div
        class="leaflet-bottom leaflet-right"
      >
        <div
          class="leaflet-control-attribution leaflet-control esri-truncated-attribution:hover esri-truncated-attribution"
        >
          <a
            href="http://leafletjs.com"
            title="A JS library for interactive maps"
          >
            Leaflet
          </a>
           | Powered by 
          <a
            href="https://www.esri.com"
          >
            Esri
          </a>
        </div>
      </div>
    </div>
  </div>
</div>
`;
